🚀 WhatsApp service running di port 3001
📡 Health check: http://localhost:3001/health
🔌 Socket.IO ready for connections
{"level":30,"time":"2026-02-24T04:13:32.144Z","pid":172,"hostname":"90c67e7f673a","class":"baileys","browser":["Voter WhatsApp Bot","Chrome","10.0.0"],"helloMsg":{"clientHello":{"ephemeral":"F+SzirAClAFsJ+GmFumOSwG1TQ+yypfR/3Ik8aLdKUM="}},"msg":"connected to WA"}
{"level":30,"time":"2026-02-24T04:13:32.421Z","pid":172,"hostname":"90c67e7f673a","class":"baileys","node":{"username":"6285925092603","passive":true,"userAgent":{"platform":"WEB","appVersion":{"primary":2,"secondary":3000,"tertiary":1027934701},"mcc":"000","mnc":"000","osVersion":"0.1","device":"Desktop","osBuildNumber":"0.1","releaseChannel":"RELEASE","localeLanguageIso6391":"en","localeCountryIso31661Alpha2":"US"},"webInfo":{"webSubPlatform":"WEB_BROWSER"},"connectType":"WIFI_UNKNOWN","connectReason":"USER_ACTIVATED","device":14,"pull":true,"lidDbMigrated":false},"msg":"logging in..."}
{"level":30,"time":"2026-02-24T04:13:34.662Z","pid":172,"hostname":"90c67e7f673a","class":"baileys","trace":"Error: Connection Terminated\n    at <anonymous> (/app/whatsapp-service/node_modules/@whiskeysockets/baileys/lib/Socket/socket.js:679:34)\n    at emit (node:events:101:22)\n    at emit (node:events:101:22)\n    at <anonymous> (ws:184:20)","msg":"connection errored"}
❌ Koneksi ditutup karena: 674 |             logger.error({ err }, 'error in validating connection');
675 |             end(err);
676 |         }
677 |     });
678 |     ws.on('error', mapWebSocketError(end));
679 |     ws.on('close', () => end(new Boom('Connection Terminated', { statusCode: DisconnectReason.connectionClosed })));
                                       ^
error: Connection Terminated
     data: null,
   isBoom: true,
 isServer: false,
   output: {
  statusCode: 428,
  payload: [Object ...],
  headers: [Object ...],
},

      at /app/whatsapp-service/node_modules/@whiskeysockets/baileys/lib/Socket/socket.js:679:34
      at emit (node:events:101:22)
      at emit (node:events:101:22)
      at ws:184:20
 reconnecting: true
🔄 Mencoba reconnect...
{"level":30,"time":"2026-02-24T04:13:39.968Z","pid":172,"hostname":"90c67e7f673a","class":"baileys","browser":["Voter WhatsApp Bot","Chrome","10.0.0"],"helloMsg":{"clientHello":{"ephemeral":"x0eY/5kPBL6cF+eITieZk1lIa4cf8172O6mI8/35H0w="}},"msg":"connected to WA"}
{"level":30,"time":"2026-02-24T04:13:40.233Z","pid":172,"hostname":"90c67e7f673a","class":"baileys","node":{"username":"6285925092603","passive":true,"userAgent":{"platform":"WEB","appVersion":{"primary":2,"secondary":3000,"tertiary":1027934701},"mcc":"000","mnc":"000","osVersion":"0.1","device":"Desktop","osBuildNumber":"0.1","releaseChannel":"RELEASE","localeLanguageIso6391":"en","localeCountryIso31661Alpha2":"US"},"webInfo":{"webSubPlatform":"WEB_BROWSER"},"connectType":"WIFI_UNKNOWN","connectReason":"USER_ACTIVATED","device":14,"pull":true,"lidDbMigrated":false},"msg":"logging in..."}
{"level":30,"time":"2026-02-24T04:13:44.673Z","pid":172,"hostname":"90c67e7f673a","class":"baileys","trace":"Error: Connection Failure\n    at <anonymous> (/app/whatsapp-service/node_modules/@whiskeysockets/baileys/lib/Socket/socket.js:785:17)\n    at emit (node:events:95:22)\n    at <anonymous> (/app/whatsapp-service/node_modules/@whiskeysockets/baileys/lib/Socket/socket.js:464:35)\n    at <anonymous> (/app/whatsapp-service/node_modules/@whiskeysockets/baileys/lib/Utils/noise-handler.js:141:17)\n    at processTicksAndRejections (native:7:39)","msg":"connection errored"}
❌ Koneksi ditutup karena: 780 |         end(new Boom(`Stream Errored (${reason})`, { statusCode, data: reasonNode || node }));
781 |     });
782 |     // stream fail, possible logout
783 |     ws.on('CB:failure', (node) => {
784 |         const reason = +(node.attrs.reason || 500);
785 |         end(new Boom('Connection Failure', { statusCode: reason, data: node.attrs }));
                      ^
error: Connection Failure
     data: {
  reason: "405",
  location: "cln",
},
   isBoom: true,
 isServer: false,
   output: {
  statusCode: 405,
  payload: [Object ...],
  headers: [Object ...],
},

      at /app/whatsapp-service/node_modules/@whiskeysockets/baileys/lib/Socket/socket.js:785:17
      at emit (node:events:95:22)
      at /app/whatsapp-service/node_modules/@whiskeysockets/baileys/lib/Socket/socket.js:613:25
      at /app/whatsapp-service/node_modules/@whiskeysockets/baileys/lib/Utils/noise-handler.js:141:17
      at processTicksAndRejections (native:7:39)
 reconnecting: true
🔄 Mencoba reconnect...
{"level":30,"time":"2026-02-24T04:13:49.915Z","pid":172,"hostname":"90c67e7f673a","class":"baileys","browser":["Voter WhatsApp Bot","Chrome","10.0.0"],"helloMsg":{"clientHello":{"ephemeral":"RIrR1Y95MDISoq1ReTg0LcWoEnIH8JBzu/HudDdxujA="}},"msg":"connected to WA"}
{"level":30,"time":"2026-02-24T04:13:50.124Z","pid":172,"hostname":"90c67e7f673a","class":"baileys","node":{"username":"6285925092603","passive":true,"userAgent":{"platform":"WEB","appVersion":{"primary":2,"secondary":3000,"tertiary":1027934701},"mcc":"000","mnc":"000","osVersion":"0.1","device":"Desktop","osBuildNumber":"0.1","releaseChannel":"RELEASE","localeLanguageIso6391":"en","localeCountryIso31661Alpha2":"US"},"webInfo":{"webSubPlatform":"WEB_BROWSER"},"connectType":"WIFI_UNKNOWN","connectReason":"USER_ACTIVATED","device":14,"pull":true,"lidDbMigrated":false},"msg":"logging in..."}
{"level":30,"time":"2026-02-24T04:13:52.547Z","pid":172,"hostname":"90c67e7f673a","class":"baileys","trace":"Error: Connection Terminated\n    at <anonymous> (/app/whatsapp-service/node_modules/@whiskeysockets/baileys/lib/Socket/socket.js:679:34)\n    at emit (node:events:101:22)\n    at emit (node:events:101:22)\n    at <anonymous> (ws:184:20)","msg":"connection errored"}
❌ Koneksi ditutup karena: 674 |             logger.error({ err }, 'error in validating connection');
675 |             end(err);
676 |         }
677 |     });
678 |     ws.on('error', mapWebSocketError(end));
679 |     ws.on('close', () => end(new Boom('Connection Terminated', { statusCode: DisconnectReason.connectionClosed })));
                                       ^
error: Connection Terminated
     data: null,
   isBoom: true,
 isServer: false,
   output: {
  statusCode: 428,
  payload: [Object ...],
  headers: [Object ...],
},

      at /app/whatsapp-service/node_modules/@whiskeysockets/baileys/lib/Socket/socket.js:679:34
      at emit (node:events:101:22)
      at emit (node:events:101:22)
      at ws:184:20
 reconnecting: true
🔄 Mencoba reconnect...
{"level":30,"time":"2026-02-24T04:13:57.852Z","pid":172,"hostname":"90c67e7f673a","class":"baileys","browser":["Voter WhatsApp Bot","Chrome","10.0.0"],"helloMsg":{"clientHello":{"ephemeral":"hGCGSmjwwl5161SgAmhSk4VuG+5b/Zu62pZsOKXyH14="}},"msg":"connected to WA"}
{"level":30,"time":"2026-02-24T04:13:58.126Z","pid":172,"hostname":"90c67e7f673a","class":"baileys","node":{"username":"6285925092603","passive":true,"userAgent":{"platform":"WEB","appVersion":{"primary":2,"secondary":3000,"tertiary":1027934701},"mcc":"000","mnc":"000","osVersion":"0.1","device":"Desktop","osBuildNumber":"0.1","releaseChannel":"RELEASE","localeLanguageIso6391":"en","localeCountryIso31661Alpha2":"US"},"webInfo":{"webSubPlatform":"WEB_BROWSER"},"connectType":"WIFI_UNKNOWN","connectReason":"USER_ACTIVATED","device":14,"pull":true,"lidDbMigrated":false},"msg":"logging in..."}
{"level":30,"time":"2026-02-24T04:14:00.957Z","pid":172,"hostname":"90c67e7f673a","class":"baileys","trace":"Error: Connection Failure\n    at <anonymous> (/app/whatsapp-service/node_modules/@whiskeysockets/baileys/lib/Socket/socket.js:785:17)\n    at emit (node:events:95:22)\n    at <anonymous> (/app/whatsapp-service/node_modules/@whiskeysockets/baileys/lib/Socket/socket.js:464:35)\n    at <anonymous> (/app/whatsapp-service/node_modules/@whiskeysockets/baileys/lib/Utils/noise-handler.js:141:17)\n    at processTicksAndRejections (native:7:39)","msg":"connection errored"}
❌ Koneksi ditutup karena: 780 |         end(new Boom(`Stream Errored (${reason})`, { statusCode, data: reasonNode || node }));
781 |     });
782 |     // stream fail, possible logout
783 |     ws.on('CB:failure', (node) => {
784 |         const reason = +(node.attrs.reason || 500);
785 |         end(new Boom('Connection Failure', { statusCode: reason, data: node.attrs }));
                      ^
error: Connection Failure
     data: {
  reason: "405",
  location: "odn",
},
   isBoom: true,
 isServer: false,
   output: {
  statusCode: 405,
  payload: [Object ...],
  headers: [Object ...],
},

      at /app/whatsapp-service/node_modules/@whiskeysockets/baileys/lib/Socket/socket.js:785:17
      at emit (node:events:95:22)
      at /app/whatsapp-service/node_modules/@whiskeysockets/baileys/lib/Socket/socket.js:613:25
      at /app/whatsapp-service/node_modules/@whiskeysockets/baileys/lib/Utils/noise-handler.js:141:17
      at processTicksAndRejections (native:7:39)
 reconnecting: true
🔄 Mencoba reconnect...
🔌 Client terhubung: 37wHDftHuc5jUXWgAAAB
{"level":40,"time":"2026-02-24T04:14:01.300Z","pid":172,"hostname":"90c67e7f673a","class":"baileys","msg":"Buffer timeout reached, auto-flushing"}
{"level":30,"time":"2026-02-24T04:14:06.254Z","pid":172,"hostname":"90c67e7f673a","class":"baileys","browser":["Voter WhatsApp Bot","Chrome","10.0.0"],"helloMsg":{"clientHello":{"ephemeral":"R1oAX1MWTKPj8UMq2eqHZEh7o8NvFsqaIRuLGROfbmo="}},"msg":"connected to WA"}
{"level":30,"time":"2026-02-24T04:14:06.509Z","pid":172,"hostname":"90c67e7f673a","class":"baileys","node":{"username":"6285925092603","passive":true,"userAgent":{"platform":"WEB","appVersion":{"primary":2,"secondary":3000,"tertiary":1027934701},"mcc":"000","mnc":"000","osVersion":"0.1","device":"Desktop","osBuildNumber":"0.1","releaseChannel":"RELEASE","localeLanguageIso6391":"en","localeCountryIso31661Alpha2":"US"},"webInfo":{"webSubPlatform":"WEB_BROWSER"},"connectType":"WIFI_UNKNOWN","connectReason":"USER_ACTIVATED","device":14,"pull":true,"lidDbMigrated":false},"msg":"logging in..."}
{"level":30,"time":"2026-02-24T04:14:09.291Z","pid":172,"hostname":"90c67e7f673a","class":"baileys","trace":"Error: Connection Failure\n    at <anonymous> (/app/whatsapp-service/node_modules/@whiskeysockets/baileys/lib/Socket/socket.js:785:17)\n    at emit (node:events:95:22)\n    at <anonymous> (/app/whatsapp-service/node_modules/@whiskeysockets/baileys/lib/Socket/socket.js:464:35)\n    at <anonymous> (/app/whatsapp-service/node_modules/@whiskeysockets/baileys/lib/Utils/noise-handler.js:141:17)\n    at processTicksAndRejections (native:7:39)","msg":"connection errored"}
❌ Koneksi ditutup karena: 780 |         end(new Boom(`Stream Errored (${reason})`, { statusCode, data: reasonNode || node }));
781 |     });
782 |     // stream fail, possible logout
783 |     ws.on('CB:failure', (node) => {
784 |         const reason = +(node.attrs.reason || 500);
785 |         end(new Boom('Connection Failure', { statusCode: reason, data: node.attrs }));
                      ^
error: Connection Failure
     data: {
  reason: "405",
  location: "rva",
},
   isBoom: true,
 isServer: false,
   output: {
  statusCode: 405,
  payload: [Object ...],
  headers: [Object ...],
},

      at /app/whatsapp-service/node_modules/@whiskeysockets/baileys/lib/Socket/socket.js:785:17
      at emit (node:events:95:22)
      at /app/whatsapp-service/node_modules/@whiskeysockets/baileys/lib/Socket/socket.js:613:25
      at /app/whatsapp-service/node_modules/@whiskeysockets/baileys/lib/Utils/noise-handler.js:141:17
      at processTicksAndRejections (native:7:39)
 reconnecting: true
🔄 Mencoba reconnect...
{"level":40,"time":"2026-02-24T04:14:09.675Z","pid":172,"hostname":"90c67e7f673a","class":"baileys","msg":"Buffer timeout reached, auto-flushing"}
{"level":30,"time":"2026-02-24T04:14:14.606Z","pid":172,"hostname":"90c67e7f673a","class":"baileys","browser":["Voter WhatsApp Bot","Chrome","10.0.0"],"helloMsg":{"clientHello":{"ephemeral":"uRA/ACYKd2dSgKjt9xg42nnRAJPWX2I/JORrGUIb1GA="}},"msg":"connected to WA"}
🔌 Client terputus: 37wHDftHuc5jUXWgAAAB
{"level":30,"time":"2026-02-24T04:14:14.879Z","pid":172,"hostname":"90c67e7f673a","class":"baileys","node":{"username":"6285925092603","passive":true,"userAgent":{"platform":"WEB","appVersion":{"primary":2,"secondary":3000,"tertiary":1027934701},"mcc":"000","mnc":"000","osVersion":"0.1","device":"Desktop","osBuildNumber":"0.1","releaseChannel":"RELEASE","localeLanguageIso6391":"en","localeCountryIso31661Alpha2":"US"},"webInfo":{"webSubPlatform":"WEB_BROWSER"},"connectType":"WIFI_UNKNOWN","connectReason":"USER_ACTIVATED","device":14,"pull":true,"lidDbMigrated":false},"msg":"logging in..."}
🔌 Client terhubung: z0LYg-msazvFzabyAAAD
🔌 Client terhubung: 2AUz7u2ZeXiHU3uVAAAF
{"level":30,"time":"2026-02-24T04:14:15.888Z","pid":172,"hostname":"90c67e7f673a","class":"baileys","trace":"Error: Connection Failure\n    at <anonymous> (/app/whatsapp-service/node_modules/@whiskeysockets/baileys/lib/Socket/socket.js:785:17)\n    at emit (node:events:95:22)\n    at <anonymous> (/app/whatsapp-service/node_modules/@whiskeysockets/baileys/lib/Socket/socket.js:464:35)\n    at <anonymous> (/app/whatsapp-service/node_modules/@whiskeysockets/baileys/lib/Utils/noise-handler.js:141:17)\n    at processTicksAndRejections (native:7:39)","msg":"connection errored"}
❌ Koneksi ditutup karena: 780 |         end(new Boom(`Stream Errored (${reason})`, { statusCode, data: reasonNode || node }));
781 |     });
782 |     // stream fail, possible logout
783 |     ws.on('CB:failure', (node) => {
784 |         const reason = +(node.attrs.reason || 500);
785 |         end(new Boom('Connection Failure', { statusCode: reason, data: node.attrs }));
                      ^
error: Connection Failure
     data: {
  reason: "405",
  location: "odn",
},
   isBoom: true,
 isServer: false,
   output: {
  statusCode: 405,
  payload: [Object ...],
  headers: [Object ...],
},

      at /app/whatsapp-service/node_modules/@whiskeysockets/baileys/lib/Socket/socket.js:785:17
      at emit (node:events:95:22)
      at /app/whatsapp-service/node_modules/@whiskeysockets/baileys/lib/Socket/socket.js:613:25
      at /app/whatsapp-service/node_modules/@whiskeysockets/baileys/lib/Utils/noise-handler.js:141:17
      at processTicksAndRejections (native:7:39)
 reconnecting: true
🔄 Mencoba reconnect...
🔌 Client terputus: z0LYg-msazvFzabyAAAD
🔌 Client terputus: 2AUz7u2ZeXiHU3uVAAAF
🔌 Client terhubung: XKIZB7jmp2o_vInLAAAH
{"level":40,"time":"2026-02-24T04:14:19.679Z","pid":172,"hostname":"90c67e7f673a","class":"baileys","msg":"Buffer timeout reached, auto-flushing"}
{"level":30,"time":"2026-02-24T04:14:21.132Z","pid":172,"hostname":"90c67e7f673a","class":"baileys","browser":["Voter WhatsApp Bot","Chrome","10.0.0"],"helloMsg":{"clientHello":{"ephemeral":"ulvzBoeHwcRyB9Y3SXRjm8HD/QPsmp9ZFUvwfhO4sUw="}},"msg":"connected to WA"}
{"level":30,"time":"2026-02-24T04:14:21.342Z","pid":172,"hostname":"90c67e7f673a","class":"baileys","node":{"username":"6285925092603","passive":true,"userAgent":{"platform":"WEB","appVersion":{"primary":2,"secondary":3000,"tertiary":1027934701},"mcc":"000","mnc":"000","osVersion":"0.1","device":"Desktop","osBuildNumber":"0.1","releaseChannel":"RELEASE","localeLanguageIso6391":"en","localeCountryIso31661Alpha2":"US"},"webInfo":{"webSubPlatform":"WEB_BROWSER"},"connectType":"WIFI_UNKNOWN","connectReason":"USER_ACTIVATED","device":14,"pull":true,"lidDbMigrated":false},"msg":"logging in..."}
{"level":30,"time":"2026-02-24T04:14:26.552Z","pid":172,"hostname":"90c67e7f673a","class":"baileys","trace":"Error: Connection Terminated\n    at <anonymous> (/app/whatsapp-service/node_modules/@whiskeysockets/baileys/lib/Socket/socket.js:679:34)\n    at emit (node:events:101:22)\n    at emit (node:events:101:22)\n    at <anonymous> (ws:184:20)","msg":"connection errored"}
❌ Koneksi ditutup karena: 674 |             logger.error({ err }, 'error in validating connection');
675 |             end(err);
676 |         }
677 |     });
678 |     ws.on('error', mapWebSocketError(end));
679 |     ws.on('close', () => end(new Boom('Connection Terminated', { statusCode: DisconnectReason.connectionClosed })));
                                       ^
error: Connection Terminated
     data: null,
   isBoom: true,
 isServer: false,
   output: {
  statusCode: 428,
  payload: [Object ...],
  headers: [Object ...],
},

      at /app/whatsapp-service/node_modules/@whiskeysockets/baileys/lib/Socket/socket.js:679:34
      at emit (node:events:101:22)
      at emit (node:events:101:22)
      at ws:184:20
 reconnecting: true
🔄 Mencoba reconnect...
{"level":40,"time":"2026-02-24T04:14:27.552Z","pid":172,"hostname":"90c67e7f673a","class":"baileys","msg":"Buffer timeout reached, auto-flushing"}
🔌 Client terputus: XKIZB7jmp2o_vInLAAAH
🔌 Client terhubung: bqXflP4Ei0rPILI5AAAJ
🔌 Client terhubung: x_OCQCAHp7HCY-DRAAAL
{"level":30,"time":"2026-02-24T04:14:31.910Z","pid":172,"hostname":"90c67e7f673a","class":"baileys","browser":["Voter WhatsApp Bot","Chrome","10.0.0"],"helloMsg":{"clientHello":{"ephemeral":"4uu0EIaLLjm3kAtTq4xAYjmXx0JdCU0nMC2UGxCDN1I="}},"msg":"connected to WA"}
{"level":30,"time":"2026-02-24T04:14:32.227Z","pid":172,"hostname":"90c67e7f673a","class":"baileys","node":{"username":"6285925092603","passive":true,"userAgent":{"platform":"WEB","appVersion":{"primary":2,"secondary":3000,"tertiary":1027934701},"mcc":"000","mnc":"000","osVersion":"0.1","device":"Desktop","osBuildNumber":"0.1","releaseChannel":"RELEASE","localeLanguageIso6391":"en","localeCountryIso31661Alpha2":"US"},"webInfo":{"webSubPlatform":"WEB_BROWSER"},"connectType":"WIFI_UNKNOWN","connectReason":"USER_ACTIVATED","device":14,"pull":true,"lidDbMigrated":false},"msg":"logging in..."}
🔌 Client terputus: bqXflP4Ei0rPILI5AAAJ
🔌 Client terputus: x_OCQCAHp7HCY-DRAAAL
🔌 Client terhubung: BizuDFRd9LkJBVLEAAAN
{"level":30,"time":"2026-02-24T04:14:35.357Z","pid":172,"hostname":"90c67e7f673a","class":"baileys","trace":"Error: Connection Failure\n    at <anonymous> (/app/whatsapp-service/node_modules/@whiskeysockets/baileys/lib/Socket/socket.js:785:17)\n    at emit (node:events:95:22)\n    at <anonymous> (/app/whatsapp-service/node_modules/@whiskeysockets/baileys/lib/Socket/socket.js:464:35)\n    at <anonymous> (/app/whatsapp-service/node_modules/@whiskeysockets/baileys/lib/Utils/noise-handler.js:141:17)\n    at processTicksAndRejections (native:7:39)","msg":"connection errored"}
❌ Koneksi ditutup karena: 780 |         end(new Boom(`Stream Errored (${reason})`, { statusCode, data: reasonNode || node }));
781 |     });
782 |     // stream fail, possible logout
783 |     ws.on('CB:failure', (node) => {
784 |         const reason = +(node.attrs.reason || 500);
785 |         end(new Boom('Connection Failure', { statusCode: reason, data: node.attrs }));
                      ^
error: Connection Failure
     data: {
  reason: "405",
  location: "cln",
},
   isBoom: true,
 isServer: false,
   output: {
  statusCode: 405,
  payload: [Object ...],
  headers: [Object ...],
},

      at /app/whatsapp-service/node_modules/@whiskeysockets/baileys/lib/Socket/socket.js:785:17
      at emit (node:events:95:22)
      at /app/whatsapp-service/node_modules/@whiskeysockets/baileys/lib/Socket/socket.js:613:25
      at /app/whatsapp-service/node_modules/@whiskeysockets/baileys/lib/Utils/noise-handler.js:141:17
      at processTicksAndRejections (native:7:39)
 reconnecting: true
🔄 Mencoba reconnect...
🔌 Client terputus: BizuDFRd9LkJBVLEAAAN
🔌 Client terhubung: pxX0I5L7CSLaG5jqAAAP
🔌 Client terhubung: WlZucmjfmj1mkshjAAAR
{"level":40,"time":"2026-02-24T04:14:35.969Z","pid":172,"hostname":"90c67e7f673a","class":"baileys","msg":"Buffer timeout reached, auto-flushing"}
🔌 Client terputus: pxX0I5L7CSLaG5jqAAAP
🔌 Client terputus: WlZucmjfmj1mkshjAAAR
🔌 Client terhubung: uwHl7PkYKFke8-W0AAAT
{"level":30,"time":"2026-02-24T04:14:40.583Z","pid":172,"hostname":"90c67e7f673a","class":"baileys","browser":["Voter WhatsApp Bot","Chrome","10.0.0"],"helloMsg":{"clientHello":{"ephemeral":"hhEUD77zy1bB/7ZF7PVj2VvLPpFZoVuriMAJ041MpGg="}},"msg":"connected to WA"}
{"level":30,"time":"2026-02-24T04:14:40.769Z","pid":172,"hostname":"90c67e7f673a","class":"baileys","node":{"username":"6285925092603","passive":true,"userAgent":{"platform":"WEB","appVersion":{"primary":2,"secondary":3000,"tertiary":1027934701},"mcc":"000","mnc":"000","osVersion":"0.1","device":"Desktop","osBuildNumber":"0.1","releaseChannel":"RELEASE","localeLanguageIso6391":"en","localeCountryIso31661Alpha2":"US"},"webInfo":{"webSubPlatform":"WEB_BROWSER"},"connectType":"WIFI_UNKNOWN","connectReason":"USER_ACTIVATED","device":14,"pull":true,"lidDbMigrated":false},"msg":"logging in..."}
{"level":30,"time":"2026-02-24T04:14:41.019Z","pid":172,"hostname":"90c67e7f673a","class":"baileys","trace":"Error: Connection Terminated\n    at <anonymous> (/app/whatsapp-service/node_modules/@whiskeysockets/baileys/lib/Socket/socket.js:679:34)\n    at emit (node:events:101:22)\n    at emit (node:events:101:22)\n    at <anonymous> (ws:184:20)","msg":"connection errored"}
❌ Koneksi ditutup karena: 674 |             logger.error({ err }, 'error in validating connection');
675 |             end(err);
676 |         }
677 |     });
678 |     ws.on('error', mapWebSocketError(end));
679 |     ws.on('close', () => end(new Boom('Connection Terminated', { statusCode: DisconnectReason.connectionClosed })));
                                       ^
error: Connection Terminated
     data: null,
   isBoom: true,
 isServer: false,
   output: {
  statusCode: 428,
  payload: [Object ...],
  headers: [Object ...],
},

      at /app/whatsapp-service/node_modules/@whiskeysockets/baileys/lib/Socket/socket.js:679:34
      at emit (node:events:101:22)
      at emit (node:events:101:22)
      at ws:184:20
 reconnecting: true
🔄 Mencoba reconnect...
🔌 Client terputus: uwHl7PkYKFke8-W0AAAT
🔌 Client terhubung: 2a6nj5Qy27ThM687AAAV
🔌 Client terhubung: H1C6Un6D5y7J0iQSAAAX
{"level":40,"time":"2026-02-24T04:14:44.302Z","pid":172,"hostname":"90c67e7f673a","class":"baileys","msg":"Buffer timeout reached, auto-flushing"}
{"level":30,"time":"2026-02-24T04:14:46.241Z","pid":172,"hostname":"90c67e7f673a","class":"baileys","browser":["Voter WhatsApp Bot","Chrome","10.0.0"],"helloMsg":{"clientHello":{"ephemeral":"afUk+pPPakihS5lQuDUG0Tu6E4rPyodD/q0Rs6TgEg8="}},"msg":"connected to WA"}
{"level":30,"time":"2026-02-24T04:14:46.426Z","pid":172,"hostname":"90c67e7f673a","class":"baileys","node":{"username":"6285925092603","passive":true,"userAgent":{"platform":"WEB","appVersion":{"primary":2,"secondary":3000,"tertiary":1027934701},"mcc":"000","mnc":"000","osVersion":"0.1","device":"Desktop","osBuildNumber":"0.1","releaseChannel":"RELEASE","localeLanguageIso6391":"en","localeCountryIso31661Alpha2":"US"},"webInfo":{"webSubPlatform":"WEB_BROWSER"},"connectType":"WIFI_UNKNOWN","connectReason":"USER_ACTIVATED","device":14,"pull":true,"lidDbMigrated":false},"msg":"logging in..."}
{"level":30,"time":"2026-02-24T04:14:46.950Z","pid":172,"hostname":"90c67e7f673a","class":"baileys","trace":"Error: Connection Terminated\n    at <anonymous> (/app/whatsapp-service/node_modules/@whiskeysockets/baileys/lib/Socket/socket.js:679:34)\n    at emit (node:events:101:22)\n    at emit (node:events:101:22)\n    at <anonymous> (ws:184:20)","msg":"connection errored"}
❌ Koneksi ditutup karena: 674 |             logger.error({ err }, 'error in validating connection');
675 |             end(err);
676 |         }
677 |     });
678 |     ws.on('error', mapWebSocketError(end));
679 |     ws.on('close', () => end(new Boom('Connection Terminated', { statusCode: DisconnectReason.connectionClosed })));
                                       ^
error: Connection Terminated
     data: null,
   isBoom: true,
 isServer: false,
   output: {
  statusCode: 428,
  payload: [Object ...],
  headers: [Object ...],
},

      at /app/whatsapp-service/node_modules/@whiskeysockets/baileys/lib/Socket/socket.js:679:34
      at emit (node:events:101:22)
      at emit (node:events:101:22)
      at ws:184:20
 reconnecting: true
🔄 Mencoba reconnect...
{"level":40,"time":"2026-02-24T04:14:50.897Z","pid":172,"hostname":"90c67e7f673a","class":"baileys","msg":"Buffer timeout reached, auto-flushing"}
{"level":30,"time":"2026-02-24T04:14:52.277Z","pid":172,"hostname":"90c67e7f673a","class":"baileys","browser":["Voter WhatsApp Bot","Chrome","10.0.0"],"helloMsg":{"clientHello":{"ephemeral":"TViy+IoKNZfGp49/9Wnq4S52SehfFh27oetiuq4cGms="}},"msg":"connected to WA"}
{"level":30,"time":"2026-02-24T04:14:52.584Z","pid":172,"hostname":"90c67e7f673a","class":"baileys","node":{"username":"6285925092603","passive":true,"userAgent":{"platform":"WEB","appVersion":{"primary":2,"secondary":3000,"tertiary":1027934701},"mcc":"000","mnc":"000","osVersion":"0.1","device":"Desktop","osBuildNumber":"0.1","releaseChannel":"RELEASE","localeLanguageIso6391":"en","localeCountryIso31661Alpha2":"US"},"webInfo":{"webSubPlatform":"WEB_BROWSER"},"connectType":"WIFI_UNKNOWN","connectReason":"USER_ACTIVATED","device":14,"pull":true,"lidDbMigrated":false},"msg":"logging in..."}
{"level":30,"time":"2026-02-24T04:14:53.091Z","pid":172,"hostname":"90c67e7f673a","class":"baileys","trace":"Error: Connection Failure\n    at <anonymous> (/app/whatsapp-service/node_modules/@whiskeysockets/baileys/lib/Socket/socket.js:785:17)\n    at emit (node:events:95:22)\n    at <anonymous> (/app/whatsapp-service/node_modules/@whiskeysockets/baileys/lib/Socket/socket.js:464:35)\n    at <anonymous> (/app/whatsapp-service/node_modules/@whiskeysockets/baileys/lib/Utils/noise-handler.js:141:17)\n    at processTicksAndRejections (native:7:39)","msg":"connection errored"}
❌ Koneksi ditutup karena: 780 |         end(new Boom(`Stream Errored (${reason})`, { statusCode, data: reasonNode || node }));
781 |     });
782 |     // stream fail, possible logout
783 |     ws.on('CB:failure', (node) => {
784 |         const reason = +(node.attrs.reason || 500);
785 |         end(new Boom('Connection Failure', { statusCode: reason, data: node.attrs }));
                      ^
error: Connection Failure
     data: {
  reason: "405",
  location: "lla",
},
   isBoom: true,
 isServer: false,
   output: {
  statusCode: 405,
  payload: [Object ...],
  headers: [Object ...],
},

      at /app/whatsapp-service/node_modules/@whiskeysockets/baileys/lib/Socket/socket.js:785:17
      at emit (node:events:95:22)
      at /app/whatsapp-service/node_modules/@whiskeysockets/baileys/lib/Socket/socket.js:613:25
      at /app/whatsapp-service/node_modules/@whiskeysockets/baileys/lib/Utils/noise-handler.js:141:17
      at processTicksAndRejections (native:7:39)
 reconnecting: true
🔄 Mencoba reconnect...
{"level":30,"time":"2026-02-24T04:14:58.317Z","pid":172,"hostname":"90c67e7f673a","class":"baileys","browser":["Voter WhatsApp Bot","Chrome","10.0.0"],"helloMsg":{"clientHello":{"ephemeral":"dh1QMWeMlGd0+ucb4PWJyJdn+TLxBLlkWShtJfbZClI="}},"msg":"connected to WA"}
{"level":30,"time":"2026-02-24T04:14:58.504Z","pid":172,"hostname":"90c67e7f673a","class":"baileys","node":{"username":"6285925092603","passive":true,"userAgent":{"platform":"WEB","appVersion":{"primary":2,"secondary":3000,"tertiary":1027934701},"mcc":"000","mnc":"000","osVersion":"0.1","device":"Desktop","osBuildNumber":"0.1","releaseChannel":"RELEASE","localeLanguageIso6391":"en","localeCountryIso31661Alpha2":"US"},"webInfo":{"webSubPlatform":"WEB_BROWSER"},"connectType":"WIFI_UNKNOWN","connectReason":"USER_ACTIVATED","device":14,"pull":true,"lidDbMigrated":false},"msg":"logging in..."}
{"level":30,"time":"2026-02-24T04:14:59.983Z","pid":172,"hostname":"90c67e7f673a","class":"baileys","trace":"Error: Connection Terminated\n    at <anonymous> (/app/whatsapp-service/node_modules/@whiskeysockets/baileys/lib/Socket/socket.js:679:34)\n    at emit (node:events:101:22)\n    at emit (node:events:101:22)\n    at <anonymous> (ws:184:20)","msg":"connection errored"}
❌ Koneksi ditutup karena: 674 |             logger.error({ err }, 'error in validating connection');
675 |             end(err);
676 |         }
677 |     });
678 |     ws.on('error', mapWebSocketError(end));
679 |     ws.on('close', () => end(new Boom('Connection Terminated', { statusCode: DisconnectReason.connectionClosed })));
                                       ^
error: Connection Terminated
     data: null,
   isBoom: true,
 isServer: false,
   output: {
  statusCode: 428,
  payload: [Object ...],
  headers: [Object ...],
},

      at /app/whatsapp-service/node_modules/@whiskeysockets/baileys/lib/Socket/socket.js:679:34
      at emit (node:events:101:22)
      at emit (node:events:101:22)
      at ws:184:20
 reconnecting: true
🔄 Mencoba reconnect...
{"level":40,"time":"2026-02-24T04:15:01.559Z","pid":172,"hostname":"90c67e7f673a","class":"baileys","msg":"Buffer timeout reached, auto-flushing"}
{"level":30,"time":"2026-02-24T04:15:05.202Z","pid":172,"hostname":"90c67e7f673a","class":"baileys","browser":["Voter WhatsApp Bot","Chrome","10.0.0"],"helloMsg":{"clientHello":{"ephemeral":"nNNyqOytl/fVr57vGrv6OwZcbG7tS50ZFZI+tkRLvX4="}},"msg":"connected to WA"}
{"level":30,"time":"2026-02-24T04:15:05.387Z","pid":172,"hostname":"90c67e7f673a","class":"baileys","node":{"username":"6285925092603","passive":true,"userAgent":{"platform":"WEB","appVersion":{"primary":2,"secondary":3000,"tertiary":1027934701},"mcc":"000","mnc":"000","osVersion":"0.1","device":"Desktop","osBuildNumber":"0.1","releaseChannel":"RELEASE","localeLanguageIso6391":"en","localeCountryIso31661Alpha2":"US"},"webInfo":{"webSubPlatform":"WEB_BROWSER"},"connectType":"WIFI_UNKNOWN","connectReason":"USER_ACTIVATED","device":14,"pull":true,"lidDbMigrated":false},"msg":"logging in..."}
{"level":30,"time":"2026-02-24T04:15:05.666Z","pid":172,"hostname":"90c67e7f673a","class":"baileys","trace":"Error: Connection Terminated\n    at <anonymous> (/app/whatsapp-service/node_modules/@whiskeysockets/baileys/lib/Socket/socket.js:679:34)\n    at emit (node:events:101:22)\n    at emit (node:events:101:22)\n    at <anonymous> (ws:184:20)","msg":"connection errored"}
❌ Koneksi ditutup karena: 674 |             logger.error({ err }, 'error in validating connection');
675 |             end(err);
676 |         }
677 |     });
678 |     ws.on('error', mapWebSocketError(end));
679 |     ws.on('close', () => end(new Boom('Connection Terminated', { statusCode: DisconnectReason.connectionClosed })));
                                       ^
error: Connection Terminated
     data: null,
   isBoom: true,
 isServer: false,
   output: {
  statusCode: 428,
  payload: [Object ...],
  headers: [Object ...],
},

      at /app/whatsapp-service/node_modules/@whiskeysockets/baileys/lib/Socket/socket.js:679:34
      at emit (node:events:101:22)
      at emit (node:events:101:22)
      at ws:184:20
 reconnecting: true
🔄 Mencoba reconnect...
{"level":40,"time":"2026-02-24T04:15:10.365Z","pid":172,"hostname":"90c67e7f673a","class":"baileys","msg":"Buffer timeout reached, auto-flushing"}
{"level":30,"time":"2026-02-24T04:15:11.031Z","pid":172,"hostname":"90c67e7f673a","class":"baileys","browser":["Voter WhatsApp Bot","Chrome","10.0.0"],"helloMsg":{"clientHello":{"ephemeral":"m/yqujKrBEFnJ4MJACAg9PKcr6cwK8rMnycTV2tsUTs="}},"msg":"connected to WA"}
{"level":30,"time":"2026-02-24T04:15:11.259Z","pid":172,"hostname":"90c67e7f673a","class":"baileys","node":{"username":"6285925092603","passive":true,"userAgent":{"platform":"WEB","appVersion":{"primary":2,"secondary":3000,"tertiary":1027934701},"mcc":"000","mnc":"000","osVersion":"0.1","device":"Desktop","osBuildNumber":"0.1","releaseChannel":"RELEASE","localeLanguageIso6391":"en","localeCountryIso31661Alpha2":"US"},"webInfo":{"webSubPlatform":"WEB_BROWSER"},"connectType":"WIFI_UNKNOWN","connectReason":"USER_ACTIVATED","device":14,"pull":true,"lidDbMigrated":false},"msg":"logging in..."}
{"level":30,"time":"2026-02-24T04:15:12.029Z","pid":172,"hostname":"90c67e7f673a","class":"baileys","trace":"Error: Connection Terminated\n    at <anonymous> (/app/whatsapp-service/node_modules/@whiskeysockets/baileys/lib/Socket/socket.js:679:34)\n    at emit (node:events:101:22)\n    at emit (node:events:101:22)\n    at <anonymous> (ws:184:20)","msg":"connection errored"}
❌ Koneksi ditutup karena: 674 |             logger.error({ err }, 'error in validating connection');
675 |             end(err);
676 |         }
677 |     });
678 |     ws.on('error', mapWebSocketError(end));
679 |     ws.on('close', () => end(new Boom('Connection Terminated', { statusCode: DisconnectReason.connectionClosed })));
                                       ^
error: Connection Terminated
     data: null,
   isBoom: true,
 isServer: false,
   output: {
  statusCode: 428,
  payload: [Object ...],
  headers: [Object ...],
},

      at /app/whatsapp-service/node_modules/@whiskeysockets/baileys/lib/Socket/socket.js:679:34
      at emit (node:events:101:22)
      at emit (node:events:101:22)
      at ws:184:20
 reconnecting: true
🔄 Mencoba reconnect...
{"level":40,"time":"2026-02-24T04:15:16.029Z","pid":172,"hostname":"90c67e7f673a","class":"baileys","msg":"Buffer timeout reached, auto-flushing"}
{"level":30,"time":"2026-02-24T04:15:17.315Z","pid":172,"hostname":"90c67e7f673a","class":"baileys","browser":["Voter WhatsApp Bot","Chrome","10.0.0"],"helloMsg":{"clientHello":{"ephemeral":"K4YK35WSLfNaUYH7VWar+/JBSu8Sy6fQRnPEBbx55ws="}},"msg":"connected to WA"}
{"level":30,"time":"2026-02-24T04:15:17.567Z","pid":172,"hostname":"90c67e7f673a","class":"baileys","node":{"username":"6285925092603","passive":true,"userAgent":{"platform":"WEB","appVersion":{"primary":2,"secondary":3000,"tertiary":1027934701},"mcc":"000","mnc":"000","osVersion":"0.1","device":"Desktop","osBuildNumber":"0.1","releaseChannel":"RELEASE","localeLanguageIso6391":"en","localeCountryIso31661Alpha2":"US"},"webInfo":{"webSubPlatform":"WEB_BROWSER"},"connectType":"WIFI_UNKNOWN","connectReason":"USER_ACTIVATED","device":14,"pull":true,"lidDbMigrated":false},"msg":"logging in..."}
{"level":30,"time":"2026-02-24T04:15:19.517Z","pid":172,"hostname":"90c67e7f673a","class":"baileys","trace":"Error: Connection Failure\n    at <anonymous> (/app/whatsapp-service/node_modules/@whiskeysockets/baileys/lib/Socket/socket.js:785:17)\n    at emit (node:events:95:22)\n    at <anonymous> (/app/whatsapp-service/node_modules/@whiskeysockets/baileys/lib/Socket/socket.js:464:35)\n    at <anonymous> (/app/whatsapp-service/node_modules/@whiskeysockets/baileys/lib/Utils/noise-handler.js:141:17)\n    at processTicksAndRejections (native:7:39)","msg":"connection errored"}
❌ Koneksi ditutup karena: 780 |         end(new Boom(`Stream Errored (${reason})`, { statusCode, data: reasonNode || node }));
781 |     });
782 |     // stream fail, possible logout
783 |     ws.on('CB:failure', (node) => {
784 |         const reason = +(node.attrs.reason || 500);
785 |         end(new Boom('Connection Failure', { statusCode: reason, data: node.attrs }));
                      ^
error: Connection Failure
     data: {
  reason: "405",
  location: "rva",
},
   isBoom: true,
 isServer: false,
   output: {
  statusCode: 405,
  payload: [Object ...],
  headers: [Object ...],
},

      at /app/whatsapp-service/node_modules/@whiskeysockets/baileys/lib/Socket/socket.js:785:17
      at emit (node:events:95:22)
      at /app/whatsapp-service/node_modules/@whiskeysockets/baileys/lib/Socket/socket.js:613:25
      at /app/whatsapp-service/node_modules/@whiskeysockets/baileys/lib/Utils/noise-handler.js:141:17
      at processTicksAndRejections (native:7:39)
 reconnecting: true
🔄 Mencoba reconnect...
{"level":40,"time":"2026-02-24T04:15:21.963Z","pid":172,"hostname":"90c67e7f673a","class":"baileys","msg":"Buffer timeout reached, auto-flushing"}
{"level":30,"time":"2026-02-24T04:15:24.790Z","pid":172,"hostname":"90c67e7f673a","class":"baileys","browser":["Voter WhatsApp Bot","Chrome","10.0.0"],"helloMsg":{"clientHello":{"ephemeral":"9YwMipmJIPQI2SpEhy5Zu1z6hxqzypXzU4FJGk86mkw="}},"msg":"connected to WA"}
{"level":30,"time":"2026-02-24T04:15:25.025Z","pid":172,"hostname":"90c67e7f673a","class":"baileys","node":{"username":"6285925092603","passive":true,"userAgent":{"platform":"WEB","appVersion":{"primary":2,"secondary":3000,"tertiary":1027934701},"mcc":"000","mnc":"000","osVersion":"0.1","device":"Desktop","osBuildNumber":"0.1","releaseChannel":"RELEASE","localeLanguageIso6391":"en","localeCountryIso31661Alpha2":"US"},"webInfo":{"webSubPlatform":"WEB_BROWSER"},"connectType":"WIFI_UNKNOWN","connectReason":"USER_ACTIVATED","device":14,"pull":true,"lidDbMigrated":false},"msg":"logging in..."}
{"level":40,"time":"2026-02-24T04:15:28.106Z","pid":172,"hostname":"90c67e7f673a","class":"baileys","msg":"Buffer timeout reached, auto-flushing"}
{"level":30,"time":"2026-02-24T04:15:29.432Z","pid":172,"hostname":"90c67e7f673a","class":"baileys","trace":"Error: Connection Terminated\n    at <anonymous> (/app/whatsapp-service/node_modules/@whiskeysockets/baileys/lib/Socket/socket.js:679:34)\n    at emit (node:events:101:22)\n    at emit (node:events:101:22)\n    at <anonymous> (ws:184:20)","msg":"connection errored"}
❌ Koneksi ditutup karena: 674 |             logger.error({ err }, 'error in validating connection');
675 |             end(err);
676 |         }
677 |     });
678 |     ws.on('error', mapWebSocketError(end));
679 |     ws.on('close', () => end(new Boom('Connection Terminated', { statusCode: DisconnectReason.connectionClosed })));
                                       ^
error: Connection Terminated
     data: null,
   isBoom: true,
 isServer: false,
   output: {
  statusCode: 428,
  payload: [Object ...],
  headers: [Object ...],
},

      at /app/whatsapp-service/node_modules/@whiskeysockets/baileys/lib/Socket/socket.js:679:34
      at emit (node:events:101:22)
      at emit (node:events:101:22)
      at ws:184:20
 reconnecting: true
🔄 Mencoba reconnect...
{"level":30,"time":"2026-02-24T04:15:34.688Z","pid":172,"hostname":"90c67e7f673a","class":"baileys","browser":["Voter WhatsApp Bot","Chrome","10.0.0"],"helloMsg":{"clientHello":{"ephemeral":"VwWeJJDv1LDFRc2tIOlr71qXrjAnvDC6MlQpEL2ppFc="}},"msg":"connected to WA"}
{"level":30,"time":"2026-02-24T04:15:34.913Z","pid":172,"hostname":"90c67e7f673a","class":"baileys","node":{"username":"6285925092603","passive":true,"userAgent":{"platform":"WEB","appVersion":{"primary":2,"secondary":3000,"tertiary":1027934701},"mcc":"000","mnc":"000","osVersion":"0.1","device":"Desktop","osBuildNumber":"0.1","releaseChannel":"RELEASE","localeLanguageIso6391":"en","localeCountryIso31661Alpha2":"US"},"webInfo":{"webSubPlatform":"WEB_BROWSER"},"connectType":"WIFI_UNKNOWN","connectReason":"USER_ACTIVATED","device":14,"pull":true,"lidDbMigrated":false},"msg":"logging in..."}
{"level":40,"time":"2026-02-24T04:15:34.991Z","pid":172,"hostname":"90c67e7f673a","class":"baileys","msg":"Buffer timeout reached, auto-flushing"}
{"level":30,"time":"2026-02-24T04:15:35.429Z","pid":172,"hostname":"90c67e7f673a","class":"baileys","trace":"Error: Connection Terminated\n    at <anonymous> (/app/whatsapp-service/node_modules/@whiskeysockets/baileys/lib/Socket/socket.js:679:34)\n    at emit (node:events:101:22)\n    at emit (node:events:101:22)\n    at <anonymous> (ws:184:20)","msg":"connection errored"}
❌ Koneksi ditutup karena: 674 |             logger.error({ err }, 'error in validating connection');
675 |             end(err);
676 |         }
677 |     });
678 |     ws.on('error', mapWebSocketError(end));
679 |     ws.on('close', () => end(new Boom('Connection Terminated', { statusCode: DisconnectReason.connectionClosed })));
                                       ^
error: Connection Terminated
     data: null,
   isBoom: true,
 isServer: false,
   output: {
  statusCode: 428,
  payload: [Object ...],
  headers: [Object ...],
},

      at /app/whatsapp-service/node_modules/@whiskeysockets/baileys/lib/Socket/socket.js:679:34
      at emit (node:events:101:22)
      at emit (node:events:101:22)
      at ws:184:20
 reconnecting: true
🔄 Mencoba reconnect...
{"level":30,"time":"2026-02-24T04:15:40.648Z","pid":172,"hostname":"90c67e7f673a","class":"baileys","browser":["Voter WhatsApp Bot","Chrome","10.0.0"],"helloMsg":{"clientHello":{"ephemeral":"SmnCoa+3nvTgTlnQNVaUb38pwk+ojv1VgvjuY24DtHo="}},"msg":"connected to WA"}
{"level":40,"time":"2026-02-24T04:15:40.675Z","pid":172,"hostname":"90c67e7f673a","class":"baileys","msg":"Buffer timeout reached, auto-flushing"}
{"level":30,"time":"2026-02-24T04:15:40.835Z","pid":172,"hostname":"90c67e7f673a","class":"baileys","node":{"username":"6285925092603","passive":true,"userAgent":{"platform":"WEB","appVersion":{"primary":2,"secondary":3000,"tertiary":1027934701},"mcc":"000","mnc":"000","osVersion":"0.1","device":"Desktop","osBuildNumber":"0.1","releaseChannel":"RELEASE","localeLanguageIso6391":"en","localeCountryIso31661Alpha2":"US"},"webInfo":{"webSubPlatform":"WEB_BROWSER"},"connectType":"WIFI_UNKNOWN","connectReason":"USER_ACTIVATED","device":14,"pull":true,"lidDbMigrated":false},"msg":"logging in..."}
{"level":30,"time":"2026-02-24T04:15:43.855Z","pid":172,"hostname":"90c67e7f673a","class":"baileys","trace":"Error: Connection Terminated\n    at <anonymous> (/app/whatsapp-service/node_modules/@whiskeysockets/baileys/lib/Socket/socket.js:679:34)\n    at emit (node:events:101:22)\n    at emit (node:events:101:22)\n    at <anonymous> (ws:184:20)","msg":"connection errored"}
❌ Koneksi ditutup karena: 674 |             logger.error({ err }, 'error in validating connection');
675 |             end(err);
676 |         }
677 |     });
678 |     ws.on('error', mapWebSocketError(end));
679 |     ws.on('close', () => end(new Boom('Connection Terminated', { statusCode: DisconnectReason.connectionClosed })));
                                       ^
error: Connection Terminated
     data: null,
   isBoom: true,
 isServer: false,
   output: {
  statusCode: 428,
  payload: [Object ...],
  headers: [Object ...],
},

      at /app/whatsapp-service/node_modules/@whiskeysockets/baileys/lib/Socket/socket.js:679:34
      at emit (node:events:101:22)
      at emit (node:events:101:22)
      at ws:184:20
 reconnecting: true
🔄 Mencoba reconnect...
{"level":40,"time":"2026-02-24T04:15:47.039Z","pid":172,"hostname":"90c67e7f673a","class":"baileys","msg":"Buffer timeout reached, auto-flushing"}
{"level":30,"time":"2026-02-24T04:15:49.113Z","pid":172,"hostname":"90c67e7f673a","class":"baileys","browser":["Voter WhatsApp Bot","Chrome","10.0.0"],"helloMsg":{"clientHello":{"ephemeral":"XIniuFvIzSX9/WvoPAnldaYdPqAlxabhinJgHw/BPz8="}},"msg":"connected to WA"}
{"level":30,"time":"2026-02-24T04:15:49.326Z","pid":172,"hostname":"90c67e7f673a","class":"baileys","node":{"username":"6285925092603","passive":true,"userAgent":{"platform":"WEB","appVersion":{"primary":2,"secondary":3000,"tertiary":1027934701},"mcc":"000","mnc":"000","osVersion":"0.1","device":"Desktop","osBuildNumber":"0.1","releaseChannel":"RELEASE","localeLanguageIso6391":"en","localeCountryIso31661Alpha2":"US"},"webInfo":{"webSubPlatform":"WEB_BROWSER"},"connectType":"WIFI_UNKNOWN","connectReason":"USER_ACTIVATED","device":14,"pull":true,"lidDbMigrated":false},"msg":"logging in..."}
{"level":30,"time":"2026-02-24T04:15:49.703Z","pid":172,"hostname":"90c67e7f673a","class":"baileys","trace":"Error: Connection Terminated\n    at <anonymous> (/app/whatsapp-service/node_modules/@whiskeysockets/baileys/lib/Socket/socket.js:679:34)\n    at emit (node:events:101:22)\n    at emit (node:events:101:22)\n    at <anonymous> (ws:184:20)","msg":"connection errored"}
❌ Koneksi ditutup karena: 674 |             logger.error({ err }, 'error in validating connection');
675 |             end(err);
676 |         }
677 |     });
678 |     ws.on('error', mapWebSocketError(end));
679 |     ws.on('close', () => end(new Boom('Connection Terminated', { statusCode: DisconnectReason.connectionClosed })));
                                       ^
error: Connection Terminated
     data: null,
   isBoom: true,
 isServer: false,
   output: {
  statusCode: 428,
  payload: [Object ...],
  headers: [Object ...],
},

      at /app/whatsapp-service/node_modules/@whiskeysockets/baileys/lib/Socket/socket.js:679:34
      at emit (node:events:101:22)
      at emit (node:events:101:22)
      at ws:184:20
 reconnecting: true
🔄 Mencoba reconnect...
{"level":40,"time":"2026-02-24T04:15:54.526Z","pid":172,"hostname":"90c67e7f673a","class":"baileys","msg":"Buffer timeout reached, auto-flushing"}
{"level":30,"time":"2026-02-24T04:15:54.950Z","pid":172,"hostname":"90c67e7f673a","class":"baileys","browser":["Voter WhatsApp Bot","Chrome","10.0.0"],"helloMsg":{"clientHello":{"ephemeral":"aK6sq2imPwFIhY5nizdzLmoS284rYJCPKBYgbc+d030="}},"msg":"connected to WA"}
{"level":30,"time":"2026-02-24T04:15:55.160Z","pid":172,"hostname":"90c67e7f673a","class":"baileys","node":{"username":"6285925092603","passive":true,"userAgent":{"platform":"WEB","appVersion":{"primary":2,"secondary":3000,"tertiary":1027934701},"mcc":"000","mnc":"000","osVersion":"0.1","device":"Desktop","osBuildNumber":"0.1","releaseChannel":"RELEASE","localeLanguageIso6391":"en","localeCountryIso31661Alpha2":"US"},"webInfo":{"webSubPlatform":"WEB_BROWSER"},"connectType":"WIFI_UNKNOWN","connectReason":"USER_ACTIVATED","device":14,"pull":true,"lidDbMigrated":false},"msg":"logging in..."}
{"level":30,"time":"2026-02-24T04:15:56.335Z","pid":172,"hostname":"90c67e7f673a","class":"baileys","trace":"Error: Connection Failure\n    at <anonymous> (/app/whatsapp-service/node_modules/@whiskeysockets/baileys/lib/Socket/socket.js:785:17)\n    at emit (node:events:95:22)\n    at <anonymous> (/app/whatsapp-service/node_modules/@whiskeysockets/baileys/lib/Socket/socket.js:464:35)\n    at <anonymous> (/app/whatsapp-service/node_modules/@whiskeysockets/baileys/lib/Utils/noise-handler.js:141:17)\n    at processTicksAndRejections (native:7:39)","msg":"connection errored"}
❌ Koneksi ditutup karena: 780 |         end(new Boom(`Stream Errored (${reason})`, { statusCode, data: reasonNode || node }));
781 |     });
782 |     // stream fail, possible logout
783 |     ws.on('CB:failure', (node) => {
784 |         const reason = +(node.attrs.reason || 500);
785 |         end(new Boom('Connection Failure', { statusCode: reason, data: node.attrs }));
                      ^
error: Connection Failure
     data: {
  reason: "405",
  location: "vll",
},
   isBoom: true,
 isServer: false,
   output: {
  statusCode: 405,
  payload: [Object ...],
  headers: [Object ...],
},

      at /app/whatsapp-service/node_modules/@whiskeysockets/baileys/lib/Socket/socket.js:785:17
      at emit (node:events:95:22)
      at /app/whatsapp-service/node_modules/@whiskeysockets/baileys/lib/Socket/socket.js:613:25
      at /app/whatsapp-service/node_modules/@whiskeysockets/baileys/lib/Utils/noise-handler.js:141:17
      at processTicksAndRejections (native:7:39)
 reconnecting: true
🔄 Mencoba reconnect...
{"level":30,"time":"2026-02-24T04:16:01.580Z","pid":172,"hostname":"90c67e7f673a","class":"baileys","browser":["Voter WhatsApp Bot","Chrome","10.0.0"],"helloMsg":{"clientHello":{"ephemeral":"0u1Z+TasvkCaqux7i6IVusAxW7BGHGXS9cUPPzVQHig="}},"msg":"connected to WA"}
🔌 Client terputus: 2a6nj5Qy27ThM687AAAV
🔌 Client terputus: H1C6Un6D5y7J0iQSAAAX
{"level":30,"time":"2026-02-24T04:16:01.787Z","pid":172,"hostname":"90c67e7f673a","class":"baileys","node":{"username":"6285925092603","passive":true,"userAgent":{"platform":"WEB","appVersion":{"primary":2,"secondary":3000,"tertiary":1027934701},"mcc":"000","mnc":"000","osVersion":"0.1","device":"Desktop","osBuildNumber":"0.1","releaseChannel":"RELEASE","localeLanguageIso6391":"en","localeCountryIso31661Alpha2":"US"},"webInfo":{"webSubPlatform":"WEB_BROWSER"},"connectType":"WIFI_UNKNOWN","connectReason":"USER_ACTIVATED","device":14,"pull":true,"lidDbMigrated":false},"msg":"logging in..."}
🔌 Client terhubung: 6witTn4R52vgD9DCAAAZ
🔌 Client terputus: 6witTn4R52vgD9DCAAAZ
{"level":40,"time":"2026-02-24T04:16:04.436Z","pid":172,"hostname":"90c67e7f673a","class":"baileys","msg":"Buffer timeout reached, auto-flushing"}
{"level":30,"time":"2026-02-24T04:16:06.854Z","pid":172,"hostname":"90c67e7f673a","class":"baileys","trace":"Error: Connection Terminated\n    at <anonymous> (/app/whatsapp-service/node_modules/@whiskeysockets/baileys/lib/Socket/socket.js:679:34)\n    at emit (node:events:101:22)\n    at emit (node:events:101:22)\n    at <anonymous> (ws:184:20)","msg":"connection errored"}
❌ Koneksi ditutup karena: 674 |             logger.error({ err }, 'error in validating connection');
675 |             end(err);
676 |         }
677 |     });
678 |     ws.on('error', mapWebSocketError(end));
679 |     ws.on('close', () => end(new Boom('Connection Terminated', { statusCode: DisconnectReason.connectionClosed })));
                                       ^
error: Connection Terminated
     data: null,
   isBoom: true,
 isServer: false,
   output: {
  statusCode: 428,
  payload: [Object ...],
  headers: [Object ...],
},

      at /app/whatsapp-service/node_modules/@whiskeysockets/baileys/lib/Socket/socket.js:679:34
      at emit (node:events:101:22)
      at emit (node:events:101:22)
      at ws:184:20
 reconnecting: true
🔄 Mencoba reconnect...
🔌 Client terhubung: X92WuAVGjsYKpp_JAAAb
{"level":40,"time":"2026-02-24T04:16:10.436Z","pid":172,"hostname":"90c67e7f673a","class":"baileys","msg":"Buffer timeout reached, auto-flushing"}
{"level":30,"time":"2026-02-24T04:16:12.132Z","pid":172,"hostname":"90c67e7f673a","class":"baileys","browser":["Voter WhatsApp Bot","Chrome","10.0.0"],"helloMsg":{"clientHello":{"ephemeral":"NBFXn7QOkUenaJ11FveSZFuW7UJXhrziK9LiTGUOU2s="}},"msg":"connected to WA"}
{"level":30,"time":"2026-02-24T04:16:12.374Z","pid":172,"hostname":"90c67e7f673a","class":"baileys","node":{"username":"6285925092603","passive":true,"userAgent":{"platform":"WEB","appVersion":{"primary":2,"secondary":3000,"tertiary":1027934701},"mcc":"000","mnc":"000","osVersion":"0.1","device":"Desktop","osBuildNumber":"0.1","releaseChannel":"RELEASE","localeLanguageIso6391":"en","localeCountryIso31661Alpha2":"US"},"webInfo":{"webSubPlatform":"WEB_BROWSER"},"connectType":"WIFI_UNKNOWN","connectReason":"USER_ACTIVATED","device":14,"pull":true,"lidDbMigrated":false},"msg":"logging in..."}
{"level":30,"time":"2026-02-24T04:16:16.103Z","pid":172,"hostname":"90c67e7f673a","class":"baileys","trace":"Error: Connection Failure\n    at <anonymous> (/app/whatsapp-service/node_modules/@whiskeysockets/baileys/lib/Socket/socket.js:785:17)\n    at emit (node:events:95:22)\n    at <anonymous> (/app/whatsapp-service/node_modules/@whiskeysockets/baileys/lib/Socket/socket.js:464:35)\n    at <anonymous> (/app/whatsapp-service/node_modules/@whiskeysockets/baileys/lib/Utils/noise-handler.js:141:17)\n    at processTicksAndRejections (native:7:39)","msg":"connection errored"}
❌ Koneksi ditutup karena: 780 |         end(new Boom(`Stream Errored (${reason})`, { statusCode, data: reasonNode || node }));
781 |     });
782 |     // stream fail, possible logout
783 |     ws.on('CB:failure', (node) => {
784 |         const reason = +(node.attrs.reason || 500);
785 |         end(new Boom('Connection Failure', { statusCode: reason, data: node.attrs }));
                      ^
error: Connection Failure
     data: {
  reason: "405",
  location: "frc",
},
   isBoom: true,
 isServer: false,
   output: {
  statusCode: 405,
  payload: [Object ...],
  headers: [Object ...],
},

      at /app/whatsapp-service/node_modules/@whiskeysockets/baileys/lib/Socket/socket.js:785:17
      at emit (node:events:95:22)
      at /app/whatsapp-service/node_modules/@whiskeysockets/baileys/lib/Socket/socket.js:613:25
      at /app/whatsapp-service/node_modules/@whiskeysockets/baileys/lib/Utils/noise-handler.js:141:17
      at processTicksAndRejections (native:7:39)
 reconnecting: true
🔄 Mencoba reconnect...
{"level":40,"time":"2026-02-24T04:16:18.867Z","pid":172,"hostname":"90c67e7f673a","class":"baileys","msg":"Buffer timeout reached, auto-flushing"}
{"level":30,"time":"2026-02-24T04:16:21.367Z","pid":172,"hostname":"90c67e7f673a","class":"baileys","browser":["Voter WhatsApp Bot","Chrome","10.0.0"],"helloMsg":{"clientHello":{"ephemeral":"i+yRJQ+JbKPZXCm4J/3C/uRHwElrr/wCfn1TDeyY/UE="}},"msg":"connected to WA"}
{"level":30,"time":"2026-02-24T04:16:21.582Z","pid":172,"hostname":"90c67e7f673a","class":"baileys","node":{"username":"6285925092603","passive":true,"userAgent":{"platform":"WEB","appVersion":{"primary":2,"secondary":3000,"tertiary":1027934701},"mcc":"000","mnc":"000","osVersion":"0.1","device":"Desktop","osBuildNumber":"0.1","releaseChannel":"RELEASE","localeLanguageIso6391":"en","localeCountryIso31661Alpha2":"US"},"webInfo":{"webSubPlatform":"WEB_BROWSER"},"connectType":"WIFI_UNKNOWN","connectReason":"USER_ACTIVATED","device":14,"pull":true,"lidDbMigrated":false},"msg":"logging in..."}
{"level":30,"time":"2026-02-24T04:16:22.356Z","pid":172,"hostname":"90c67e7f673a","class":"baileys","trace":"Error: Connection Failure\n    at <anonymous> (/app/whatsapp-service/node_modules/@whiskeysockets/baileys/lib/Socket/socket.js:785:17)\n    at emit (node:events:95:22)\n    at <anonymous> (/app/whatsapp-service/node_modules/@whiskeysockets/baileys/lib/Socket/socket.js:464:35)\n    at <anonymous> (/app/whatsapp-service/node_modules/@whiskeysockets/baileys/lib/Utils/noise-handler.js:141:17)\n    at processTicksAndRejections (native:7:39)","msg":"connection errored"}
❌ Koneksi ditutup karena: 780 |         end(new Boom(`Stream Errored (${reason})`, { statusCode, data: reasonNode || node }));
781 |     });
782 |     // stream fail, possible logout
783 |     ws.on('CB:failure', (node) => {
784 |         const reason = +(node.attrs.reason || 500);
785 |         end(new Boom('Connection Failure', { statusCode: reason, data: node.attrs }));
                      ^
error: Connection Failure
     data: {
  reason: "405",
  location: "odn",
},
   isBoom: true,
 isServer: false,
   output: {
  statusCode: 405,
  payload: [Object ...],
  headers: [Object ...],
},

      at /app/whatsapp-service/node_modules/@whiskeysockets/baileys/lib/Socket/socket.js:785:17
      at emit (node:events:95:22)
      at /app/whatsapp-service/node_modules/@whiskeysockets/baileys/lib/Socket/socket.js:613:25
      at /app/whatsapp-service/node_modules/@whiskeysockets/baileys/lib/Utils/noise-handler.js:141:17
      at processTicksAndRejections (native:7:39)
 reconnecting: true
🔄 Mencoba reconnect...
{"level":40,"time":"2026-02-24T04:16:24.711Z","pid":172,"hostname":"90c67e7f673a","class":"baileys","msg":"Buffer timeout reached, auto-flushing"}
{"level":30,"time":"2026-02-24T04:16:27.686Z","pid":172,"hostname":"90c67e7f673a","class":"baileys","browser":["Voter WhatsApp Bot","Chrome","10.0.0"],"helloMsg":{"clientHello":{"ephemeral":"fi+B0aGhzwT7UtSNRvE35AbTS2p9B8/OpkdGyhs1qWg="}},"msg":"connected to WA"}
{"level":30,"time":"2026-02-24T04:16:27.978Z","pid":172,"hostname":"90c67e7f673a","class":"baileys","node":{"username":"6285925092603","passive":true,"userAgent":{"platform":"WEB","appVersion":{"primary":2,"secondary":3000,"tertiary":1027934701},"mcc":"000","mnc":"000","osVersion":"0.1","device":"Desktop","osBuildNumber":"0.1","releaseChannel":"RELEASE","localeLanguageIso6391":"en","localeCountryIso31661Alpha2":"US"},"webInfo":{"webSubPlatform":"WEB_BROWSER"},"connectType":"WIFI_UNKNOWN","connectReason":"USER_ACTIVATED","device":14,"pull":true,"lidDbMigrated":false},"msg":"logging in..."}
{"level":30,"time":"2026-02-24T04:16:29.177Z","pid":172,"hostname":"90c67e7f673a","class":"baileys","trace":"Error: Connection Failure\n    at <anonymous> (/app/whatsapp-service/node_modules/@whiskeysockets/baileys/lib/Socket/socket.js:785:17)\n    at emit (node:events:95:22)\n    at <anonymous> (/app/whatsapp-service/node_modules/@whiskeysockets/baileys/lib/Socket/socket.js:464:35)\n    at <anonymous> (/app/whatsapp-service/node_modules/@whiskeysockets/baileys/lib/Utils/noise-handler.js:141:17)\n    at processTicksAndRejections (native:7:39)","msg":"connection errored"}
❌ Koneksi ditutup karena: 780 |         end(new Boom(`Stream Errored (${reason})`, { statusCode, data: reasonNode || node }));
781 |     });
782 |     // stream fail, possible logout
783 |     ws.on('CB:failure', (node) => {
784 |         const reason = +(node.attrs.reason || 500);
785 |         end(new Boom('Connection Failure', { statusCode: reason, data: node.attrs }));
                      ^
error: Connection Failure
     data: {
  reason: "405",
  location: "lla",
},
   isBoom: true,
 isServer: false,
   output: {
  statusCode: 405,
  payload: [Object ...],
  headers: [Object ...],
},

      at /app/whatsapp-service/node_modules/@whiskeysockets/baileys/lib/Socket/socket.js:785:17
      at emit (node:events:95:22)
      at /app/whatsapp-service/node_modules/@whiskeysockets/baileys/lib/Socket/socket.js:613:25
      at /app/whatsapp-service/node_modules/@whiskeysockets/baileys/lib/Utils/noise-handler.js:141:17
      at processTicksAndRejections (native:7:39)
 reconnecting: true
🔄 Mencoba reconnect...
{"level":40,"time":"2026-02-24T04:16:31.347Z","pid":172,"hostname":"90c67e7f673a","class":"baileys","msg":"Buffer timeout reached, auto-flushing"}
{"level":30,"time":"2026-02-24T04:16:34.473Z","pid":172,"hostname":"90c67e7f673a","class":"baileys","browser":["Voter WhatsApp Bot","Chrome","10.0.0"],"helloMsg":{"clientHello":{"ephemeral":"mh+hSVBURM3nf7C/NnHC6EzKV/pG55qxguuFyYMRwWw="}},"msg":"connected to WA"}
{"level":30,"time":"2026-02-24T04:16:34.736Z","pid":172,"hostname":"90c67e7f673a","class":"baileys","node":{"username":"6285925092603","passive":true,"userAgent":{"platform":"WEB","appVersion":{"primary":2,"secondary":3000,"tertiary":1027934701},"mcc":"000","mnc":"000","osVersion":"0.1","device":"Desktop","osBuildNumber":"0.1","releaseChannel":"RELEASE","localeLanguageIso6391":"en","localeCountryIso31661Alpha2":"US"},"webInfo":{"webSubPlatform":"WEB_BROWSER"},"connectType":"WIFI_UNKNOWN","connectReason":"USER_ACTIVATED","device":14,"pull":true,"lidDbMigrated":false},"msg":"logging in..."}
{"level":30,"time":"2026-02-24T04:16:38.741Z","pid":172,"hostname":"90c67e7f673a","class":"baileys","trace":"Error: Connection Terminated\n    at <anonymous> (/app/whatsapp-service/node_modules/@whiskeysockets/baileys/lib/Socket/socket.js:679:34)\n    at emit (node:events:101:22)\n    at emit (node:events:101:22)\n    at <anonymous> (ws:184:20)","msg":"connection errored"}
❌ Koneksi ditutup karena: 674 |             logger.error({ err }, 'error in validating connection');
675 |             end(err);
676 |         }
677 |     });
678 |     ws.on('error', mapWebSocketError(end));
679 |     ws.on('close', () => end(new Boom('Connection Terminated', { statusCode: DisconnectReason.connectionClosed })));
                                       ^
error: Connection Terminated
     data: null,
   isBoom: true,
 isServer: false,
   output: {
  statusCode: 428,
  payload: [Object ...],
  headers: [Object ...],
},

      at /app/whatsapp-service/node_modules/@whiskeysockets/baileys/lib/Socket/socket.js:679:34
      at emit (node:events:101:22)
      at emit (node:events:101:22)
      at ws:184:20
 reconnecting: true
🔄 Mencoba reconnect...
{"level":40,"time":"2026-02-24T04:16:41.860Z","pid":172,"hostname":"90c67e7f673a","class":"baileys","msg":"Buffer timeout reached, auto-flushing"}
{"level":30,"time":"2026-02-24T04:16:44.007Z","pid":172,"hostname":"90c67e7f673a","class":"baileys","browser":["Voter WhatsApp Bot","Chrome","10.0.0"],"helloMsg":{"clientHello":{"ephemeral":"Vz7RSO/FYiNub6tZM4yJaplZdx33iSZCpi/+3Ga7FH4="}},"msg":"connected to WA"}
{"level":30,"time":"2026-02-24T04:16:44.239Z","pid":172,"hostname":"90c67e7f673a","class":"baileys","node":{"username":"6285925092603","passive":true,"userAgent":{"platform":"WEB","appVersion":{"primary":2,"secondary":3000,"tertiary":1027934701},"mcc":"000","mnc":"000","osVersion":"0.1","device":"Desktop","osBuildNumber":"0.1","releaseChannel":"RELEASE","localeLanguageIso6391":"en","localeCountryIso31661Alpha2":"US"},"webInfo":{"webSubPlatform":"WEB_BROWSER"},"connectType":"WIFI_UNKNOWN","connectReason":"USER_ACTIVATED","device":14,"pull":true,"lidDbMigrated":false},"msg":"logging in..."}
{"level":30,"time":"2026-02-24T04:16:47.250Z","pid":172,"hostname":"90c67e7f673a","class":"baileys","trace":"Error: Connection Failure\n    at <anonymous> (/app/whatsapp-service/node_modules/@whiskeysockets/baileys/lib/Socket/socket.js:785:17)\n    at emit (node:events:95:22)\n    at <anonymous> (/app/whatsapp-service/node_modules/@whiskeysockets/baileys/lib/Socket/socket.js:464:35)\n    at <anonymous> (/app/whatsapp-service/node_modules/@whiskeysockets/baileys/lib/Utils/noise-handler.js:141:17)\n    at processTicksAndRejections (native:7:39)","msg":"connection errored"}
❌ Koneksi ditutup karena: 780 |         end(new Boom(`Stream Errored (${reason})`, { statusCode, data: reasonNode || node }));
781 |     });
782 |     // stream fail, possible logout
783 |     ws.on('CB:failure', (node) => {
784 |         const reason = +(node.attrs.reason || 500);
785 |         end(new Boom('Connection Failure', { statusCode: reason, data: node.attrs }));
                      ^
error: Connection Failure
     data: {
  reason: "405",
  location: "lla",
},
   isBoom: true,
 isServer: false,
   output: {
  statusCode: 405,
  payload: [Object ...],
  headers: [Object ...],
},

      at /app/whatsapp-service/node_modules/@whiskeysockets/baileys/lib/Socket/socket.js:785:17
      at emit (node:events:95:22)
      at /app/whatsapp-service/node_modules/@whiskeysockets/baileys/lib/Socket/socket.js:613:25
      at /app/whatsapp-service/node_modules/@whiskeysockets/baileys/lib/Utils/noise-handler.js:141:17
      at processTicksAndRejections (native:7:39)
 reconnecting: true
🔄 Mencoba reconnect...
{"level":40,"time":"2026-02-24T04:16:51.119Z","pid":172,"hostname":"90c67e7f673a","class":"baileys","msg":"Buffer timeout reached, auto-flushing"}
{"level":30,"time":"2026-02-24T04:16:52.538Z","pid":172,"hostname":"90c67e7f673a","class":"baileys","browser":["Voter WhatsApp Bot","Chrome","10.0.0"],"helloMsg":{"clientHello":{"ephemeral":"g7dr+lgymKqLlnB3667GTg/XHkzRWL1VfUxNvHMAFlE="}},"msg":"connected to WA"}
{"level":30,"time":"2026-02-24T04:16:52.788Z","pid":172,"hostname":"90c67e7f673a","class":"baileys","node":{"username":"6285925092603","passive":true,"userAgent":{"platform":"WEB","appVersion":{"primary":2,"secondary":3000,"tertiary":1027934701},"mcc":"000","mnc":"000","osVersion":"0.1","device":"Desktop","osBuildNumber":"0.1","releaseChannel":"RELEASE","localeLanguageIso6391":"en","localeCountryIso31661Alpha2":"US"},"webInfo":{"webSubPlatform":"WEB_BROWSER"},"connectType":"WIFI_UNKNOWN","connectReason":"USER_ACTIVATED","device":14,"pull":true,"lidDbMigrated":false},"msg":"logging in..."}
{"level":30,"time":"2026-02-24T04:16:53.888Z","pid":172,"hostname":"90c67e7f673a","class":"baileys","trace":"Error: Connection Failure\n    at <anonymous> (/app/whatsapp-service/node_modules/@whiskeysockets/baileys/lib/Socket/socket.js:785:17)\n    at emit (node:events:95:22)\n    at <anonymous> (/app/whatsapp-service/node_modules/@whiskeysockets/baileys/lib/Socket/socket.js:464:35)\n    at <anonymous> (/app/whatsapp-service/node_modules/@whiskeysockets/baileys/lib/Utils/noise-handler.js:141:17)\n    at processTicksAndRejections (native:7:39)","msg":"connection errored"}
❌ Koneksi ditutup karena: 780 |         end(new Boom(`Stream Errored (${reason})`, { statusCode, data: reasonNode || node }));
781 |     });
782 |     // stream fail, possible logout
783 |     ws.on('CB:failure', (node) => {
784 |         const reason = +(node.attrs.reason || 500);
785 |         end(new Boom('Connection Failure', { statusCode: reason, data: node.attrs }));
                      ^
error: Connection Failure
     data: {
  reason: "405",
  location: "rva",
},
   isBoom: true,
 isServer: false,
   output: {
  statusCode: 405,
  payload: [Object ...],
  headers: [Object ...],
},

      at /app/whatsapp-service/node_modules/@whiskeysockets/baileys/lib/Socket/socket.js:785:17
      at emit (node:events:95:22)
      at /app/whatsapp-service/node_modules/@whiskeysockets/baileys/lib/Socket/socket.js:613:25
      at /app/whatsapp-service/node_modules/@whiskeysockets/baileys/lib/Utils/noise-handler.js:141:17
      at processTicksAndRejections (native:7:39)
 reconnecting: true
🔄 Mencoba reconnect...
{"level":40,"time":"2026-02-24T04:16:57.365Z","pid":172,"hostname":"90c67e7f673a","class":"baileys","msg":"Buffer timeout reached, auto-flushing"}
{"level":30,"time":"2026-02-24T04:16:59.174Z","pid":172,"hostname":"90c67e7f673a","class":"baileys","browser":["Voter WhatsApp Bot","Chrome","10.0.0"],"helloMsg":{"clientHello":{"ephemeral":"YdYNZ0G09AVqbADh0pT/NJj7Savmd4ZN+SRgMw3g2ng="}},"msg":"connected to WA"}
{"level":30,"time":"2026-02-24T04:16:59.428Z","pid":172,"hostname":"90c67e7f673a","class":"baileys","node":{"username":"6285925092603","passive":true,"userAgent":{"platform":"WEB","appVersion":{"primary":2,"secondary":3000,"tertiary":1027934701},"mcc":"000","mnc":"000","osVersion":"0.1","device":"Desktop","osBuildNumber":"0.1","releaseChannel":"RELEASE","localeLanguageIso6391":"en","localeCountryIso31661Alpha2":"US"},"webInfo":{"webSubPlatform":"WEB_BROWSER"},"connectType":"WIFI_UNKNOWN","connectReason":"USER_ACTIVATED","device":14,"pull":true,"lidDbMigrated":false},"msg":"logging in..."}
{"level":30,"time":"2026-02-24T04:17:00.915Z","pid":172,"hostname":"90c67e7f673a","class":"baileys","trace":"Error: Connection Terminated\n    at <anonymous> (/app/whatsapp-service/node_modules/@whiskeysockets/baileys/lib/Socket/socket.js:679:34)\n    at emit (node:events:101:22)\n    at emit (node:events:101:22)\n    at <anonymous> (ws:184:20)","msg":"connection errored"}
❌ Koneksi ditutup karena: 674 |             logger.error({ err }, 'error in validating connection');
675 |             end(err);
676 |         }
677 |     });
678 |     ws.on('error', mapWebSocketError(end));
679 |     ws.on('close', () => end(new Boom('Connection Terminated', { statusCode: DisconnectReason.connectionClosed })));
                                       ^
error: Connection Terminated
     data: null,
   isBoom: true,
 isServer: false,
   output: {
  statusCode: 428,
  payload: [Object ...],
  headers: [Object ...],
},

      at /app/whatsapp-service/node_modules/@whiskeysockets/baileys/lib/Socket/socket.js:679:34
      at emit (node:events:101:22)
      at emit (node:events:101:22)
      at ws:184:20
 reconnecting: true
🔄 Mencoba reconnect...
{"level":40,"time":"2026-02-24T04:17:04.183Z","pid":172,"hostname":"90c67e7f673a","class":"baileys","msg":"Buffer timeout reached, auto-flushing"}
{"level":30,"time":"2026-02-24T04:17:06.163Z","pid":172,"hostname":"90c67e7f673a","class":"baileys","browser":["Voter WhatsApp Bot","Chrome","10.0.0"],"helloMsg":{"clientHello":{"ephemeral":"ODroHV96c8t3FpTydFivAa2ZwRQ2ozuTjAvoP7WH4mU="}},"msg":"connected to WA"}
{"level":30,"time":"2026-02-24T04:17:06.373Z","pid":172,"hostname":"90c67e7f673a","class":"baileys","node":{"username":"6285925092603","passive":true,"userAgent":{"platform":"WEB","appVersion":{"primary":2,"secondary":3000,"tertiary":1027934701},"mcc":"000","mnc":"000","osVersion":"0.1","device":"Desktop","osBuildNumber":"0.1","releaseChannel":"RELEASE","localeLanguageIso6391":"en","localeCountryIso31661Alpha2":"US"},"webInfo":{"webSubPlatform":"WEB_BROWSER"},"connectType":"WIFI_UNKNOWN","connectReason":"USER_ACTIVATED","device":14,"pull":true,"lidDbMigrated":false},"msg":"logging in..."}
{"level":30,"time":"2026-02-24T04:17:09.593Z","pid":172,"hostname":"90c67e7f673a","class":"baileys","trace":"Error: Connection Failure\n    at <anonymous> (/app/whatsapp-service/node_modules/@whiskeysockets/baileys/lib/Socket/socket.js:785:17)\n    at emit (node:events:95:22)\n    at <anonymous> (/app/whatsapp-service/node_modules/@whiskeysockets/baileys/lib/Socket/socket.js:464:35)\n    at <anonymous> (/app/whatsapp-service/node_modules/@whiskeysockets/baileys/lib/Utils/noise-handler.js:141:17)\n    at processTicksAndRejections (native:7:39)","msg":"connection errored"}
❌ Koneksi ditutup karena: 780 |         end(new Boom(`Stream Errored (${reason})`, { statusCode, data: reasonNode || node }));
781 |     });
782 |     // stream fail, possible logout
783 |     ws.on('CB:failure', (node) => {
784 |         const reason = +(node.attrs.reason || 500);
785 |         end(new Boom('Connection Failure', { statusCode: reason, data: node.attrs }));
                      ^
error: Connection Failure
     data: {
  reason: "405",
  location: "vll",
},
   isBoom: true,
 isServer: false,
   output: {
  statusCode: 405,
  payload: [Object ...],
  headers: [Object ...],
},

      at /app/whatsapp-service/node_modules/@whiskeysockets/baileys/lib/Socket/socket.js:785:17
      at emit (node:events:95:22)
      at /app/whatsapp-service/node_modules/@whiskeysockets/baileys/lib/Socket/socket.js:613:25
      at /app/whatsapp-service/node_modules/@whiskeysockets/baileys/lib/Utils/noise-handler.js:141:17
      at processTicksAndRejections (native:7:39)
 reconnecting: true
🔄 Mencoba reconnect...
{"level":40,"time":"2026-02-24T04:17:13.749Z","pid":172,"hostname":"90c67e7f673a","class":"baileys","msg":"Buffer timeout reached, auto-flushing"}
{"level":30,"time":"2026-02-24T04:17:14.841Z","pid":172,"hostname":"90c67e7f673a","class":"baileys","browser":["Voter WhatsApp Bot","Chrome","10.0.0"],"helloMsg":{"clientHello":{"ephemeral":"Zv+ErozYR65f+RZTs/ECtLXwcLBIpUzJnpvbHm/UInw="}},"msg":"connected to WA"}
{"level":30,"time":"2026-02-24T04:17:15.051Z","pid":172,"hostname":"90c67e7f673a","class":"baileys","node":{"username":"6285925092603","passive":true,"userAgent":{"platform":"WEB","appVersion":{"primary":2,"secondary":3000,"tertiary":1027934701},"mcc":"000","mnc":"000","osVersion":"0.1","device":"Desktop","osBuildNumber":"0.1","releaseChannel":"RELEASE","localeLanguageIso6391":"en","localeCountryIso31661Alpha2":"US"},"webInfo":{"webSubPlatform":"WEB_BROWSER"},"connectType":"WIFI_UNKNOWN","connectReason":"USER_ACTIVATED","device":14,"pull":true,"lidDbMigrated":false},"msg":"logging in..."}
{"level":30,"time":"2026-02-24T04:17:18.900Z","pid":172,"hostname":"90c67e7f673a","class":"baileys","trace":"Error: Connection Failure\n    at <anonymous> (/app/whatsapp-service/node_modules/@whiskeysockets/baileys/lib/Socket/socket.js:785:17)\n    at emit (node:events:95:22)\n    at <anonymous> (/app/whatsapp-service/node_modules/@whiskeysockets/baileys/lib/Socket/socket.js:464:35)\n    at <anonymous> (/app/whatsapp-service/node_modules/@whiskeysockets/baileys/lib/Utils/noise-handler.js:141:17)\n    at processTicksAndRejections (native:7:39)","msg":"connection errored"}
❌ Koneksi ditutup karena: 780 |         end(new Boom(`Stream Errored (${reason})`, { statusCode, data: reasonNode || node }));
781 |     });
782 |     // stream fail, possible logout
783 |     ws.on('CB:failure', (node) => {
784 |         const reason = +(node.attrs.reason || 500);
785 |         end(new Boom('Connection Failure', { statusCode: reason, data: node.attrs }));
                      ^
error: Connection Failure
     data: {
  reason: "405",
  location: "vll",
},
   isBoom: true,
 isServer: false,
   output: {
  statusCode: 405,
  payload: [Object ...],
  headers: [Object ...],
},

      at /app/whatsapp-service/node_modules/@whiskeysockets/baileys/lib/Socket/socket.js:785:17
      at emit (node:events:95:22)
      at /app/whatsapp-service/node_modules/@whiskeysockets/baileys/lib/Socket/socket.js:613:25
      at /app/whatsapp-service/node_modules/@whiskeysockets/baileys/lib/Utils/noise-handler.js:141:17
      at processTicksAndRejections (native:7:39)
 reconnecting: true
🔄 Mencoba reconnect...
{"level":40,"time":"2026-02-24T04:17:22.255Z","pid":172,"hostname":"90c67e7f673a","class":"baileys","msg":"Buffer timeout reached, auto-flushing"}
{"level":30,"time":"2026-02-24T04:17:24.165Z","pid":172,"hostname":"90c67e7f673a","class":"baileys","browser":["Voter WhatsApp Bot","Chrome","10.0.0"],"helloMsg":{"clientHello":{"ephemeral":"4NUoG+xVgYXuMlEnMYu4iuC+6DYWa9D0pc1Ee0RiyB0="}},"msg":"connected to WA"}
{"level":30,"time":"2026-02-24T04:17:24.391Z","pid":172,"hostname":"90c67e7f673a","class":"baileys","node":{"username":"6285925092603","passive":true,"userAgent":{"platform":"WEB","appVersion":{"primary":2,"secondary":3000,"tertiary":1027934701},"mcc":"000","mnc":"000","osVersion":"0.1","device":"Desktop","osBuildNumber":"0.1","releaseChannel":"RELEASE","localeLanguageIso6391":"en","localeCountryIso31661Alpha2":"US"},"webInfo":{"webSubPlatform":"WEB_BROWSER"},"connectType":"WIFI_UNKNOWN","connectReason":"USER_ACTIVATED","device":14,"pull":true,"lidDbMigrated":false},"msg":"logging in..."}
{"level":40,"time":"2026-02-24T04:17:28.894Z","pid":172,"hostname":"90c67e7f673a","class":"baileys","msg":"Buffer timeout reached, auto-flushing"}
{"level":30,"time":"2026-02-24T04:17:29.133Z","pid":172,"hostname":"90c67e7f673a","class":"baileys","trace":"Error: Connection Terminated\n    at <anonymous> (/app/whatsapp-service/node_modules/@whiskeysockets/baileys/lib/Socket/socket.js:679:34)\n    at emit (node:events:101:22)\n    at emit (node:events:101:22)\n    at <anonymous> (ws:184:20)","msg":"connection errored"}
❌ Koneksi ditutup karena: 674 |             logger.error({ err }, 'error in validating connection');
675 |             end(err);
676 |         }
677 |     });
678 |     ws.on('error', mapWebSocketError(end));
679 |     ws.on('close', () => end(new Boom('Connection Terminated', { statusCode: DisconnectReason.connectionClosed })));
                                       ^
error: Connection Terminated
     data: null,
   isBoom: true,
 isServer: false,
   output: {
  statusCode: 428,
  payload: [Object ...],
  headers: [Object ...],
},

      at /app/whatsapp-service/node_modules/@whiskeysockets/baileys/lib/Socket/socket.js:679:34
      at emit (node:events:101:22)
      at emit (node:events:101:22)
      at ws:184:20
 reconnecting: true
🔄 Mencoba reconnect...
{"level":30,"time":"2026-02-24T04:17:34.382Z","pid":172,"hostname":"90c67e7f673a","class":"baileys","browser":["Voter WhatsApp Bot","Chrome","10.0.0"],"helloMsg":{"clientHello":{"ephemeral":"/RObo7tkS9rAGZVRxKqBIRwpgjzVsUgRRk5TkrCZ4g8="}},"msg":"connected to WA"}
{"level":30,"time":"2026-02-24T04:17:34.593Z","pid":172,"hostname":"90c67e7f673a","class":"baileys","node":{"username":"6285925092603","passive":true,"userAgent":{"platform":"WEB","appVersion":{"primary":2,"secondary":3000,"tertiary":1027934701},"mcc":"000","mnc":"000","osVersion":"0.1","device":"Desktop","osBuildNumber":"0.1","releaseChannel":"RELEASE","localeLanguageIso6391":"en","localeCountryIso31661Alpha2":"US"},"webInfo":{"webSubPlatform":"WEB_BROWSER"},"connectType":"WIFI_UNKNOWN","connectReason":"USER_ACTIVATED","device":14,"pull":true,"lidDbMigrated":false},"msg":"logging in..."}
{"level":40,"time":"2026-02-24T04:17:35.925Z","pid":172,"hostname":"90c67e7f673a","class":"baileys","msg":"Buffer timeout reached, auto-flushing"}
{"level":30,"time":"2026-02-24T04:17:39.054Z","pid":172,"hostname":"90c67e7f673a","class":"baileys","trace":"Error: Connection Terminated\n    at <anonymous> (/app/whatsapp-service/node_modules/@whiskeysockets/baileys/lib/Socket/socket.js:679:34)\n    at emit (node:events:101:22)\n    at emit (node:events:101:22)\n    at <anonymous> (ws:184:20)","msg":"connection errored"}
❌ Koneksi ditutup karena: 674 |             logger.error({ err }, 'error in validating connection');
675 |             end(err);
676 |         }
677 |     });
678 |     ws.on('error', mapWebSocketError(end));
679 |     ws.on('close', () => end(new Boom('Connection Terminated', { statusCode: DisconnectReason.connectionClosed })));
                                       ^
error: Connection Terminated
     data: null,
   isBoom: true,
 isServer: false,
   output: {
  statusCode: 428,
  payload: [Object ...],
  headers: [Object ...],
},

      at /app/whatsapp-service/node_modules/@whiskeysockets/baileys/lib/Socket/socket.js:679:34
      at emit (node:events:101:22)
      at emit (node:events:101:22)
      at ws:184:20
 reconnecting: true
🔄 Mencoba reconnect...
{"level":30,"time":"2026-02-24T04:17:44.279Z","pid":172,"hostname":"90c67e7f673a","class":"baileys","browser":["Voter WhatsApp Bot","Chrome","10.0.0"],"helloMsg":{"clientHello":{"ephemeral":"DF0ZG3ce+dCa2JpdbRSzPFdpLT/vuKd39ti9KenhEjk="}},"msg":"connected to WA"}
{"level":30,"time":"2026-02-24T04:17:44.466Z","pid":172,"hostname":"90c67e7f673a","class":"baileys","node":{"username":"6285925092603","passive":true,"userAgent":{"platform":"WEB","appVersion":{"primary":2,"secondary":3000,"tertiary":1027934701},"mcc":"000","mnc":"000","osVersion":"0.1","device":"Desktop","osBuildNumber":"0.1","releaseChannel":"RELEASE","localeLanguageIso6391":"en","localeCountryIso31661Alpha2":"US"},"webInfo":{"webSubPlatform":"WEB_BROWSER"},"connectType":"WIFI_UNKNOWN","connectReason":"USER_ACTIVATED","device":14,"pull":true,"lidDbMigrated":false},"msg":"logging in..."}
{"level":40,"time":"2026-02-24T04:17:44.600Z","pid":172,"hostname":"90c67e7f673a","class":"baileys","msg":"Buffer timeout reached, auto-flushing"}
{"level":30,"time":"2026-02-24T04:17:45.646Z","pid":172,"hostname":"90c67e7f673a","class":"baileys","trace":"Error: Connection Terminated\n    at <anonymous> (/app/whatsapp-service/node_modules/@whiskeysockets/baileys/lib/Socket/socket.js:679:34)\n    at emit (node:events:101:22)\n    at emit (node:events:101:22)\n    at <anonymous> (ws:184:20)","msg":"connection errored"}
❌ Koneksi ditutup karena: 674 |             logger.error({ err }, 'error in validating connection');
675 |             end(err);
676 |         }
677 |     });
678 |     ws.on('error', mapWebSocketError(end));
679 |     ws.on('close', () => end(new Boom('Connection Terminated', { statusCode: DisconnectReason.connectionClosed })));
                                       ^
error: Connection Terminated
     data: null,
   isBoom: true,
 isServer: false,
   output: {
  statusCode: 428,
  payload: [Object ...],
  headers: [Object ...],
},

      at /app/whatsapp-service/node_modules/@whiskeysockets/baileys/lib/Socket/socket.js:679:34
      at emit (node:events:101:22)
      at emit (node:events:101:22)
      at ws:184:20
 reconnecting: true
🔄 Mencoba reconnect...
{"level":30,"time":"2026-02-24T04:17:50.874Z","pid":172,"hostname":"90c67e7f673a","class":"baileys","browser":["Voter WhatsApp Bot","Chrome","10.0.0"],"helloMsg":{"clientHello":{"ephemeral":"Qmkj67vKzO91eFBKCudttMXtxuS6XNIAbZodO5Ku2ls="}},"msg":"connected to WA"}
{"level":30,"time":"2026-02-24T04:17:51.064Z","pid":172,"hostname":"90c67e7f673a","class":"baileys","node":{"username":"6285925092603","passive":true,"userAgent":{"platform":"WEB","appVersion":{"primary":2,"secondary":3000,"tertiary":1027934701},"mcc":"000","mnc":"000","osVersion":"0.1","device":"Desktop","osBuildNumber":"0.1","releaseChannel":"RELEASE","localeLanguageIso6391":"en","localeCountryIso31661Alpha2":"US"},"webInfo":{"webSubPlatform":"WEB_BROWSER"},"connectType":"WIFI_UNKNOWN","connectReason":"USER_ACTIVATED","device":14,"pull":true,"lidDbMigrated":false},"msg":"logging in..."}
{"level":40,"time":"2026-02-24T04:17:53.911Z","pid":172,"hostname":"90c67e7f673a","class":"baileys","msg":"Buffer timeout reached, auto-flushing"}
{"level":30,"time":"2026-02-24T04:17:55.263Z","pid":172,"hostname":"90c67e7f673a","class":"baileys","trace":"Error: Connection Terminated\n    at <anonymous> (/app/whatsapp-service/node_modules/@whiskeysockets/baileys/lib/Socket/socket.js:679:34)\n    at emit (node:events:101:22)\n    at emit (node:events:101:22)\n    at <anonymous> (ws:184:20)","msg":"connection errored"}
❌ Koneksi ditutup karena: 674 |             logger.error({ err }, 'error in validating connection');
675 |             end(err);
676 |         }
677 |     });
678 |     ws.on('error', mapWebSocketError(end));
679 |     ws.on('close', () => end(new Boom('Connection Terminated', { statusCode: DisconnectReason.connectionClosed })));
                                       ^
error: Connection Terminated
     data: null,
   isBoom: true,
 isServer: false,
   output: {
  statusCode: 428,
  payload: [Object ...],
  headers: [Object ...],
},

      at /app/whatsapp-service/node_modules/@whiskeysockets/baileys/lib/Socket/socket.js:679:34
      at emit (node:events:101:22)
      at emit (node:events:101:22)
      at ws:184:20
 reconnecting: true
🔄 Mencoba reconnect...
{"level":30,"time":"2026-02-24T04:18:00.484Z","pid":172,"hostname":"90c67e7f673a","class":"baileys","browser":["Voter WhatsApp Bot","Chrome","10.0.0"],"helloMsg":{"clientHello":{"ephemeral":"xkSaXXrr20S2Nc8gttB0BHuF3AJj9GrbbYxSNrL/xSA="}},"msg":"connected to WA"}
{"level":30,"time":"2026-02-24T04:18:00.672Z","pid":172,"hostname":"90c67e7f673a","class":"baileys","node":{"username":"6285925092603","passive":true,"userAgent":{"platform":"WEB","appVersion":{"primary":2,"secondary":3000,"tertiary":1027934701},"mcc":"000","mnc":"000","osVersion":"0.1","device":"Desktop","osBuildNumber":"0.1","releaseChannel":"RELEASE","localeLanguageIso6391":"en","localeCountryIso31661Alpha2":"US"},"webInfo":{"webSubPlatform":"WEB_BROWSER"},"connectType":"WIFI_UNKNOWN","connectReason":"USER_ACTIVATED","device":14,"pull":true,"lidDbMigrated":false},"msg":"logging in..."}
{"level":40,"time":"2026-02-24T04:18:04.146Z","pid":172,"hostname":"90c67e7f673a","class":"baileys","msg":"Buffer timeout reached, auto-flushing"}
{"level":30,"time":"2026-02-24T04:18:04.180Z","pid":172,"hostname":"90c67e7f673a","class":"baileys","trace":"Error: Connection Terminated\n    at <anonymous> (/app/whatsapp-service/node_modules/@whiskeysockets/baileys/lib/Socket/socket.js:679:34)\n    at emit (node:events:101:22)\n    at emit (node:events:101:22)\n    at <anonymous> (ws:184:20)","msg":"connection errored"}
❌ Koneksi ditutup karena: 674 |             logger.error({ err }, 'error in validating connection');
675 |             end(err);
676 |         }
677 |     });
678 |     ws.on('error', mapWebSocketError(end));
679 |     ws.on('close', () => end(new Boom('Connection Terminated', { statusCode: DisconnectReason.connectionClosed })));
                                       ^
error: Connection Terminated
     data: null,
   isBoom: true,
 isServer: false,
   output: {
  statusCode: 428,
  payload: [Object ...],
  headers: [Object ...],
},

      at /app/whatsapp-service/node_modules/@whiskeysockets/baileys/lib/Socket/socket.js:679:34
      at emit (node:events:101:22)
      at emit (node:events:101:22)
      at ws:184:20
 reconnecting: true
🔄 Mencoba reconnect...
